2025-01-24 11:49:54.513  2155-2201  BufferQueueConsumer     br.com.ohmybread                     D  [ViewRootImpl@cd948d5[MainActivity]#0(BLAST Consumer)0](id:86b00000000,api:0,p:-1,c:2155) disconnect
2025-01-24 11:49:54.514  2155-2201  OpenGLRenderer          br.com.ohmybread                     D  CacheManager::trimMemory(20)
2025-01-24 11:49:54.525  2155-2155  ViewRootIm...nActivity] br.com.ohmybread                     I  Relayout returned: old=(0,0,1080,2340) new=(0,0,1080,2340) relayoutAsync=false req=(1080,2340)8 dur=11 res=0x402 s={false 0x0} ch=false seqId=0
2025-01-24 11:49:54.531  2155-2201  OpenGLRenderer          br.com.ohmybread                     D  CacheManager::trimMemory(20)
2025-01-24 11:49:54.532  2155-2155  ViewRootIm...nActivity] br.com.ohmybread                     I  onDisplayChanged oldDisplayState=2 newDisplayState=1
2025-01-24 11:49:54.536  2155-2155  ViewRootImpl            br.com.ohmybread                     I  updatePointerIcon pointerType = 1, calling pid = 2155
2025-01-24 11:49:54.537  2155-2155  InputManagerGlobal      br.com.ohmybread                     D  setPointerIconType iconId = 1, callingPid = 2155
2025-01-24 11:49:54.543  1806-3036  WindowManager           system_server                        E  win=Window{a193bda u0 br.com.ohmybread/br.com.ohmybread.MainActivity} destroySurfaces: appStopped=true cleanupOnResume=false win.mWindowRemovalAllowed=false win.mRemoveOnExit=false win.mViewVisibility=8 caller=com.android.server.wm.ActivityRecord.destroySurfaces:6952 com.android.server.wm.ActivityRecord.destroySurfaces:6933 com.android.server.wm.ActivityRecord.activityStopped:7633 com.android.server.wm.ActivityClientController.activityStopped:321 android.app.IActivityClientController$Stub.onTransact:702 com.android.server.wm.ActivityClientController.onTransact:186 android.os.Binder.execTransactInternal:1380 
2025-01-24 11:49:54.647  2155-2155  ViewRootIm...nActivity] br.com.ohmybread                     I  handleWindowFocusChanged: 0 0 call from android.view.ViewRootImpl.-$$Nest$mhandleWindowFocusChanged:0
2025-01-24 11:49:54.648  2155-2155  ImeFocusController      br.com.ohmybread                     I  onPreWindowFocus: skipped, hasWindowFocus=false mHasImeFocus=true
2025-01-24 11:49:54.661  2155-2155  ImeFocusController      br.com.ohmybread                     I  onPostWindowFocus: skipped, hasWindowFocus=false mHasImeFocus=true
2025-01-24 11:49:54.665  2155-2155  ViewRootIm...nActivity] br.com.ohmybread                     I  onDisplayChanged oldDisplayState=1 newDisplayState=1
2025-01-24 12:26:52.600  2155-2155  ViewRootIm...nActivity] br.com.ohmybread                     I  onDisplayChanged oldDisplayState=1 newDisplayState=2
2025-01-24 12:26:52.669  2155-2155  ViewRootIm...nActivity] br.com.ohmybread                     I  onDisplayChanged oldDisplayState=2 newDisplayState=2
2025-01-24 12:26:57.575  2155-2155  ViewRootIm...nActivity] br.com.ohmybread                     I  handleAppVisibility mAppVisible = false visible = true
2025-01-24 12:26:57.576  2155-2155  ViewRootIm...nActivity] br.com.ohmybread                     I  stopped(false) old = true
2025-01-24 12:26:57.576  2155-2155  ViewRootIm...nActivity] br.com.ohmybread                     D  WindowStopped on br.com.ohmybread/br.com.ohmybread.MainActivity set to false
2025-01-24 12:26:57.577  2155-2155  Capacitor               br.com.ohmybread                     D  App restarted
2025-01-24 12:26:57.579  2155-2155  Capacitor               br.com.ohmybread                     D  App started
2025-01-24 12:26:57.581  2155-2155  WindowOnBackDispatcher  br.com.ohmybread                     W  OnBackInvokedCallback is not enabled for the application.
                                                                                                    Set 'android:enableOnBackInvokedCallback="true"' in the application manifest.
2025-01-24 12:26:57.583  2155-2155  Capacitor/AppPlugin     br.com.ohmybread                     D  Firing change: true
2025-01-24 12:26:57.583  2155-2155  Capacitor/AppPlugin     br.com.ohmybread                     V  Notifying listeners for event appStateChange
2025-01-24 12:26:57.583  2155-2155  Capacitor/AppPlugin     br.com.ohmybread                     D  No listeners found for event appStateChange
2025-01-24 12:26:57.584  2155-2155  Capacitor/AppPlugin     br.com.ohmybread                     V  Notifying listeners for event resume
2025-01-24 12:26:57.584  2155-2155  Capacitor/AppPlugin     br.com.ohmybread                     D  No listeners found for event resume
2025-01-24 12:26:57.584  2155-2155  Capacitor               br.com.ohmybread                     D  App resumed
2025-01-24 12:26:57.592  1249-2163  BufferQueueDebug        surfaceflinger                       E  [br.com.ohmybread/br.com.ohmybread.MainActivity$_2155#1659](this:0xb40000710792c090,id:-1,api:0,p:-1,c:-1) id info cannot be read from 'br.com.ohmybread/br.com.ohmybread.MainActivity$_2155#1659'
2025-01-24 12:26:57.602  2155-2155  BufferQueueConsumer     br.com.ohmybread                     D  [](id:86b00000001,api:0,p:-1,c:2155) connect: controlledByApp=false
2025-01-24 12:26:57.605  2155-2155  BLASTBufferQueue_Java   br.com.ohmybread                     I  new BLASTBufferQueue, mName= ViewRootImpl@cd948d5[MainActivity] mNativeObject= 0xb400007845672930 sc.mNativeObject= 0xb400007895539250 caller= android.view.ViewRootImpl.updateBlastSurfaceIfNeeded:3028 android.view.ViewRootImpl.relayoutWindow:10131 android.view.ViewRootImpl.performTraversals:4110 android.view.ViewRootImpl.doTraversal:3288 android.view.ViewRootImpl$TraversalRunnable.run:11344 android.view.Choreographer$CallbackRecord.run:1689 android.view.Choreographer$CallbackRecord.run:1698 android.view.Choreographer.doCallbacks:1153 android.view.Choreographer.doFrame:1079 android.view.Choreographer$FrameDisplayEventReceiver.run:1646 
2025-01-24 12:26:57.606  2155-2155  BLASTBufferQueue_Java   br.com.ohmybread                     I  update, w= 1080 h= 2340 mName = ViewRootImpl@cd948d5[MainActivity] mNativeObject= 0xb400007845672930 sc.mNativeObject= 0xb400007895539250 format= -1 caller= android.graphics.BLASTBufferQueue.<init>:89 android.view.ViewRootImpl.updateBlastSurfaceIfNeeded:3028 android.view.ViewRootImpl.relayoutWindow:10131 android.view.ViewRootImpl.performTraversals:4110 android.view.ViewRootImpl.doTraversal:3288 android.view.ViewRootImpl$TraversalRunnable.run:11344 
2025-01-24 12:26:57.606  2155-2155  ViewRootIm...nActivity] br.com.ohmybread                     I  Relayout returned: old=(0,0,1080,2340) new=(0,0,1080,2340) relayoutAsync=false req=(1080,2340)0 dur=15 res=0x403 s={true 0xb4000079d562d350} ch=true seqId=0
2025-01-24 12:26:57.607  2155-2155  ViewRootIm...nActivity] br.com.ohmybread                     D  mThreadedRenderer.initialize() mSurface={isValid=true 0xb4000079d562d350} hwInitialized=true
2025-01-24 12:26:57.608  2155-2155  ViewRootIm...nActivity] br.com.ohmybread                     D  reportNextDraw android.view.ViewRootImpl.performTraversals:4718 android.view.ViewRootImpl.doTraversal:3288 android.view.ViewRootImpl$TraversalRunnable.run:11344 android.view.Choreographer$CallbackRecord.run:1689 android.view.Choreographer$CallbackRecord.run:1698 
2025-01-24 12:26:57.608  2155-2155  ViewRootIm...nActivity] br.com.ohmybread                     I  Setup new sync=wmsSync-ViewRootImpl@cd948d5[MainActivity]#2
2025-01-24 12:26:57.608  2155-2155  ViewRootIm...nActivity] br.com.ohmybread                     I  Creating new active sync group ViewRootImpl@cd948d5[MainActivity]#3
2025-01-24 12:26:57.609  2155-2155  ViewRootIm...nActivity] br.com.ohmybread                     I  registerCallbacksForSync syncBuffer=false
2025-01-24 12:26:57.611  2155-2309  ViewRootIm...nActivity] br.com.ohmybread                     I  Received frameDrawingCallback syncResult=0 frameNum=1.
2025-01-24 12:26:57.612  2155-2309  ViewRootIm...nActivity] br.com.ohmybread                     I  mWNT: t=0xb40000799553a770 mBlastBufferQueue=0xb400007845672930 fn= 1 mRenderHdrSdrRatio=1.0 caller= android.view.ViewRootImpl$8.onFrameDraw:13841 android.view.ThreadedRenderer$1.onFrameDraw:792 <bottom of call stack> 
2025-01-24 12:26:57.612  2155-2309  ViewRootIm...nActivity] br.com.ohmybread                     I  Setting up sync and frameCommitCallback
2025-01-24 12:26:57.643  2155-2171  ViewRootIm...nActivity] br.com.ohmybread                     I  Resizing android.view.ViewRootImpl@a8f6cfe: frame = [0,0][1080,2340] reportDraw = true forceLayout = false syncSeqId = -1
2025-01-24 12:26:57.655  2155-2201  BLASTBufferQueue        br.com.ohmybread                     D  [ViewRootImpl@cd948d5[MainActivity]#1](f:0,a:0) onFrameAvailable the first frame is available
2025-01-24 12:26:57.655  2155-2201  BLASTBufferQueue        br.com.ohmybread                     D  [ViewRootImpl@cd948d5[MainActivity]#1](f:0,a:1) acquireNextBufferLocked size=1080x2340 mFrameNumber=1 applyTransaction=true mTimestamp=177636290665356(auto) mPendingTransactions.size=0 graphicBufferId=9255654522884 transform=0
2025-01-24 12:26:57.656  2155-2201  ViewRootIm...nActivity] br.com.ohmybread                     I  Received frameCommittedCallback lastAttemptedDrawFrameNum=1 didProduceBuffer=true
2025-01-24 12:26:57.656  2155-2155  ViewRootIm...nActivity] br.com.ohmybread                     I  reportDrawFinished seqId=0
2025-01-24 12:26:57.679  2155-2155  ViewRootIm...nActivity] br.com.ohmybread                     I  handleResized, msg = 5 frames=ClientWindowFrames{frame=[0,0][1080,2340] display=[0,0][1080,2340] parentFrame=[0,0][0,0]} forceNextWindowRelayout=false displayId=0 dragResizing=false compatScale=1.0 frameChanged=false attachedFrameChanged=false configChanged=false displayChanged=false compatScaleChanged=false
2025-01-24 12:26:57.679  2155-2155  ViewRootIm...nActivity] br.com.ohmybread                     I  handleResized mSyncSeqId = 0
2025-01-24 12:26:57.680  2155-2155  ViewRootIm...nActivity] br.com.ohmybread                     D  reportNextDraw android.view.ViewRootImpl.handleResized:2530 android.view.ViewRootImpl.-$$Nest$mhandleResized:0 android.view.ViewRootImpl$ViewRootHandler.handleMessageImpl:7197 android.view.ViewRootImpl$ViewRootHandler.handleMessage:7166 android.os.Handler.dispatchMessage:106 
2025-01-24 12:26:57.692  2155-2155  ViewRootIm...nActivity] br.com.ohmybread                     I  Setup new sync=wmsSync-ViewRootImpl@cd948d5[MainActivity]#4
2025-01-24 12:26:57.694  2155-2155  ViewRootIm...nActivity] br.com.ohmybread                     I  Creating new active sync group ViewRootImpl@cd948d5[MainActivity]#5
2025-01-24 12:26:57.711  2155-2155  ViewRootIm...nActivity] br.com.ohmybread                     I  registerCallbacksForSync syncBuffer=false
2025-01-24 12:26:57.713  2155-2310  ViewRootIm...nActivity] br.com.ohmybread                     I  Received frameDrawingCallback syncResult=0 frameNum=3.
2025-01-24 12:26:57.713  2155-2310  ViewRootIm...nActivity] br.com.ohmybread                     I  mWNT: t=0xb40000799556bf70 mBlastBufferQueue=0xb400007845672930 fn= 3 mRenderHdrSdrRatio=1.0 caller= android.view.ViewRootImpl$8.onFrameDraw:13841 android.view.ThreadedRenderer$1.onFrameDraw:792 <bottom of call stack> 
2025-01-24 12:26:57.713  2155-2310  ViewRootIm...nActivity] br.com.ohmybread                     I  Setting up sync and frameCommitCallback
2025-01-24 12:26:57.726  2155-2201  ViewRootIm...nActivity] br.com.ohmybread                     I  Received frameCommittedCallback lastAttemptedDrawFrameNum=3 didProduceBuffer=true
2025-01-24 12:26:57.727  2155-2155  ViewRootIm...nActivity] br.com.ohmybread                     I  reportDrawFinished seqId=0
2025-01-24 12:26:57.744  2155-2155  InsetsSourceConsumer    br.com.ohmybread                     I  applyRequestedVisibilityToControl: visible=true, type=statusBars, host=br.com.ohmybread/br.com.ohmybread.MainActivity
2025-01-24 12:26:57.745  2155-2155  InsetsSourceConsumer    br.com.ohmybread                     I  applyRequestedVisibilityToControl: visible=true, type=navigationBars, host=br.com.ohmybread/br.com.ohmybread.MainActivity
2025-01-24 12:26:57.757  2155-2309  ViewRootIm...nActivity] br.com.ohmybread                     I  mWNT: t=0xb400007995571350 mBlastBufferQueue=0xb400007845672930 fn= 5 mRenderHdrSdrRatio=1.0 caller= android.view.SyncRtSurfaceTransactionApplier.applyTransaction:96 android.view.SyncRtSurfaceTransactionApplier.lambda$scheduleApply$0:69 android.view.SyncRtSurfaceTransactionApplier.$r8$lambda$SgowXC58rj3PR958kHUfRgLZmvE:0 
2025-01-24 12:26:57.761  2155-2155  ViewRootIm...nActivity] br.com.ohmybread                     I  handleWindowFocusChanged: 1 0 call from android.view.ViewRootImpl.-$$Nest$mhandleWindowFocusChanged:0
2025-01-24 12:26:57.762  2155-2201  gralloc4                br.com.ohmybread                     I  @set_metadata: update dataspace from GM (0x00000000 -> 0x08010000)
2025-01-24 12:26:57.763  2155-2155  ViewRootIm...nActivity] br.com.ohmybread                     D  mThreadedRenderer.initializeIfNeeded()#2 mSurface={isValid=true 0xb4000079d562d350}
2025-01-24 12:26:57.777  2155-2155  InputMethodManagerUtils br.com.ohmybread                     D  startInputInner - Id : 0
2025-01-24 12:26:57.777  2155-2155  InputMethodManager      br.com.ohmybread                     I  startInputInner - IInputMethodManagerGlobalInvoker.startInputOrWindowGainedFocus
2025-01-24 12:27:01.658  2155-2159  r.com.ohmybread         br.com.ohmybread                     E  Failed to read message from agent control socket! Retrying: Bad file descriptor
2025-01-24 12:27:01.671  2155-2187  BpBinder                br.com.ohmybread                     I  onLastStrongRef automatically unlinking death recipients: 
---------------------------- PROCESS ENDED (2155) for package br.com.ohmybread ----------------------------
---------------------------- PROCESS STARTED (2155) for package br.com.ohmybread ----------------------------
2025-01-24 12:27:01.711  2155-2187  RefBase                 br.com.ohmybread                     W  RefBase: Explicit destruction, weak count = 0 (in 0x7ab93aa130). Use sp<> to manage this object.
2025-01-24 12:27:01.748  2155-2187  RefBase                 br.com.ohmybread                     D    #00 pc 00000000000cdc80  /apex/com.android.runtime/lib64/bionic/libc.so (__cxa_finalize+144) (BuildId: 5f89913e15aa7088d03682fa8322b310)
2025-01-24 12:27:01.748  2155-2187  RefBase                 br.com.ohmybread                     D    #01 pc 00000000000bfc88  /apex/com.android.runtime/lib64/bionic/libc.so (exit+24) (BuildId: 5f89913e15aa7088d03682fa8322b310)
2025-01-24 12:27:01.748  2155-2187  RefBase                 br.com.ohmybread                     D    #02 pc 0000000000027fb8  /apex/com.android.art/lib64/libjdwp.so (forceExit+24) (BuildId: e5a3b16e19857df57146d9fd8471dcfc)
2025-01-24 12:27:01.748  2155-2187  RefBase                 br.com.ohmybread                     D    #03 pc 0000000000023a20  /apex/com.android.art/lib64/libjdwp.so (doExit+108) (BuildId: e5a3b16e19857df57146d9fd8471dcfc)
2025-01-24 12:27:01.748  2155-2187  RefBase                 br.com.ohmybread                     D    #04 pc 0000000000029e44  /apex/com.android.art/lib64/libjdwp.so (debugLoop_run+716) (BuildId: e5a3b16e19857df57146d9fd8471dcfc)
2025-01-24 12:27:01.748  2155-2187  RefBase                 br.com.ohmybread                     D    #05 pc 000000000003d5f8  /apex/com.android.art/lib64/libjdwp.so (acceptThread+296) (BuildId: e5a3b16e19857df57146d9fd8471dcfc)
2025-01-24 12:27:01.748  2155-2187  RefBase                 br.com.ohmybread                     D    #06 pc 00000000000cfa50  /apex/com.android.art/lib64/libopenjdkjvmti.so (openjdkjvmti::AgentCallback(void*)+1392) (BuildId: 5f50cebc088f0a4b6e8a4718ff9681f1)
2025-01-24 12:27:01.748  2155-2187  RefBase                 br.com.ohmybread                     D    #07 pc 00000000000c9ebc  /apex/com.android.runtime/lib64/bionic/libc.so (__pthread_start(void*)+204) (BuildId: 5f89913e15aa7088d03682fa8322b310)
2025-01-24 12:27:01.748  2155-2187  RefBase                 br.com.ohmybread                     D    #08 pc 000000000005dc60  /apex/com.android.runtime/lib64/bionic/libc.so (__start_thread+64) (BuildId: 5f89913e15aa7088d03682fa8322b310)